// Jest Snapshot v1, https://goo.gl/fbAQLP

exports[`test in <SearchScreen/> should show correctly with default values 1`] = `
Array [
  <h1>
    Searchs
  </h1>,
  <hr />,
  <div
    className="row"
  >
    <div
      className="col-5"
    >
      <h4>
        Search Rick And Morty
      </h4>
      <hr />
      <form
        onSubmit={[Function]}
      >
        <input
          autoComplete="off"
          className="form-control"
          name="searchText"
          onChange={[Function]}
          placeholder="Buscar un Heroe"
          type="text"
          value=""
        />
        <button
          className="btn btn-outline-primary mt-3 btn-block"
          type="submit"
        >
          Search...
        </button>
      </form>
    </div>
    <div
      className="col-7"
    >
      <h4>
        Results
      </h4>
      <hr />
      <div
        className="alert alert-info"
      >
        Search a Character
      </div>
    </div>
  </div>,
]
`;
